dkim_add_querymethod
dkim_add_xtag
dkim_atps_check
dkim_base32_encode
dkim_body
dkim_chunk
dkim_close
dkim_diffheaders
dkim_dns_close
dkim_dns_config
dkim_dns_init
dkim_dns_nslist
dkim_dns_set_close
dkim_dns_set_config
dkim_dns_set_init
dkim_dns_set_nslist
dkim_dns_set_query_cancel
dkim_dns_set_query_service
dkim_dns_set_query_start
dkim_dns_set_query_waitreply
dkim_dns_set_trustanchor
dkim_dns_trustanchor
dkim_eoh
dkim_eom
dkim_flush_cache
dkim_free
dkim_getcachestats
dkim_getdomain
dkim_geterror
dkim_getid
dkim_getmode
dkim_getpartial
dkim_getresultstr
dkim_getsighdr
dkim_getsighdr_d
dkim_getsiglist
dkim_getsignature
dkim_get_signer
dkim_get_sigsubstring
dkim_getsslbuf
dkim_getuser
dkim_get_user_context
dkim_header
dkim_init
dkim_key_syntax
dkim_libfeature
dkim_libversion
dkim_mail_parse
dkim_minbody
dkim_ohdrs
dkim_options
dkim_privkey_load
dkim_qi_getname
dkim_qi_gettype
dkim_qp_decode
dkim_resign
dkim_set_dns_callback
dkim_set_final
dkim_set_key_lookup
dkim_set_margin
dkim_setpartial
dkim_set_prescreen
dkim_set_signature_handle
dkim_set_signature_handle_free
dkim_set_signature_tagvalues
dkim_set_signer
dkim_set_user_context
dkim_should_not_signhdrs
dkim_should_signhdrs
dkim_sig_getbh
dkim_sig_getcanonlen
dkim_sig_getcanons
dkim_sig_getcontext
dkim_sig_getdnssec
dkim_sig_getdomain
dkim_sig_geterror
dkim_sig_geterrorstr
dkim_sig_getflags
dkim_sig_gethashes
dkim_sig_getidentity
dkim_sig_getkeysize
dkim_sig_getqueries
dkim_sig_getreportinfo
dkim_sig_getselector
dkim_sig_getsignalg
dkim_sig_getsignedhdrs
dkim_sig_getsigntime
dkim_sig_getsslbuf
dkim_sig_gettagvalue
dkim_sig_hdrsigned
dkim_sig_ignore
dkim_sign
dkim_signhdrs
dkim_sig_process
dkim_sig_setdnssec
dkim_sig_seterror
dkim_sig_syntax
dkim_ssl_version
dkim_test_key
dkim_verify
